// Jest Snapshot v1, https://goo.gl/fbAQLP

exports[`renders the side bar 1`] = `
<sideMenu
  closeMenu={[MockFunction]}
  onCloseMenu={[MockFunction]}
  setMenuRef={[MockFunction]}
/>
`;
